###############################################################################
#
# IAR ELF Linker V8.22.1.15669/W32 for ARM                02/May/2018  10:17:36
# Copyright 2007-2018 IAR Systems AB.
#
#    Output file  =  
#        C:\Users\engin.kavak\Desktop\Flash RW\EWARM\Flash RW\Exe\Flash RW.out
#    Map file     =  
#        C:\Users\engin.kavak\Desktop\Flash RW\EWARM\Flash RW\List\Flash RW.map
#    Command line =  
#        -f C:\Users\ENGIN~1.KAV\AppData\Local\Temp\EWCFD0.tmp
#        ("C:\Users\engin.kavak\Desktop\Flash RW\EWARM\Flash RW\Obj\main.o"
#        "C:\Users\engin.kavak\Desktop\Flash RW\EWARM\Flash
#        RW\Obj\startup_stm32f407xx.o" "C:\Users\engin.kavak\Desktop\Flash
#        RW\EWARM\Flash RW\Obj\stm32f4xx_hal.o"
#        "C:\Users\engin.kavak\Desktop\Flash RW\EWARM\Flash
#        RW\Obj\stm32f4xx_hal_cortex.o" "C:\Users\engin.kavak\Desktop\Flash
#        RW\EWARM\Flash RW\Obj\stm32f4xx_hal_dma.o"
#        "C:\Users\engin.kavak\Desktop\Flash RW\EWARM\Flash
#        RW\Obj\stm32f4xx_hal_dma_ex.o" "C:\Users\engin.kavak\Desktop\Flash
#        RW\EWARM\Flash RW\Obj\stm32f4xx_hal_flash.o"
#        "C:\Users\engin.kavak\Desktop\Flash RW\EWARM\Flash
#        RW\Obj\stm32f4xx_hal_flash_ex.o" "C:\Users\engin.kavak\Desktop\Flash
#        RW\EWARM\Flash RW\Obj\stm32f4xx_hal_flash_ramfunc.o"
#        "C:\Users\engin.kavak\Desktop\Flash RW\EWARM\Flash
#        RW\Obj\stm32f4xx_hal_gpio.o" "C:\Users\engin.kavak\Desktop\Flash
#        RW\EWARM\Flash RW\Obj\stm32f4xx_hal_msp.o"
#        "C:\Users\engin.kavak\Desktop\Flash RW\EWARM\Flash
#        RW\Obj\stm32f4xx_hal_pwr.o" "C:\Users\engin.kavak\Desktop\Flash
#        RW\EWARM\Flash RW\Obj\stm32f4xx_hal_pwr_ex.o"
#        "C:\Users\engin.kavak\Desktop\Flash RW\EWARM\Flash
#        RW\Obj\stm32f4xx_hal_rcc.o" "C:\Users\engin.kavak\Desktop\Flash
#        RW\EWARM\Flash RW\Obj\stm32f4xx_hal_rcc_ex.o"
#        "C:\Users\engin.kavak\Desktop\Flash RW\EWARM\Flash
#        RW\Obj\stm32f4xx_hal_tim.o" "C:\Users\engin.kavak\Desktop\Flash
#        RW\EWARM\Flash RW\Obj\stm32f4xx_hal_tim_ex.o"
#        "C:\Users\engin.kavak\Desktop\Flash RW\EWARM\Flash
#        RW\Obj\stm32f4xx_it.o" "C:\Users\engin.kavak\Desktop\Flash
#        RW\EWARM\Flash RW\Obj\system_stm32f4xx.o" --redirect
#        _Printf=_PrintfFull --redirect _Scanf=_ScanfFull -o
#        "C:\Users\engin.kavak\Desktop\Flash RW\EWARM\Flash RW\Exe\Flash
#        RW.out" --map "C:\Users\engin.kavak\Desktop\Flash RW\EWARM\Flash
#        RW\List\Flash RW.map" --config "C:\Users\engin.kavak\Desktop\Flash
#        RW\EWARM/stm32f407xx_flash.icf" --semihosting --entry
#        __iar_program_start --vfe --text_out locale)
#
###############################################################################

*******************************************************************************
*** RUNTIME MODEL ATTRIBUTES
***

CppFlavor       = *
__SystemLibrary = DLib
__dlib_version  = 6


*******************************************************************************
*** HEAP SELECTION
***

The basic heap was selected because some modules are built with
size limitations (and not runtime checking), and --advanced_heap
was not specified.


*******************************************************************************
*** PLACEMENT SUMMARY
***

"A0":  place at 0x08000000 { ro section .intvec };
"P1":  place in [from 0x08000000 to 0x080fffff] { ro };
define block CSTACK with size = 1K, alignment = 8 { };
define block HEAP with size = 512, alignment = 8 { };
"P2":  place in [from 0x20000000 to 0x2001ffff] {
          rw, block CSTACK, block HEAP };
initialize by copy { rw };

  Section            Kind        Address   Size  Object
  -------            ----        -------   ----  ------
"A0":                                     0x188
  .intvec            ro code  0x08000000  0x188  startup_stm32f407xx.o [1]
                            - 0x08000188  0x188

"P1":                                     0xe59
  .text              ro code  0x08000188  0x2f0  stm32f4xx_hal_rcc.o [1]
  .text              ro code  0x08000478    0xc  stm32f4xx_hal.o [1]
  .text              ro code  0x08000484  0x22e  I64DivMod.o [5]
  .text              ro code  0x080006b4    0x2  I64DivZer.o [5]
  .text              ro code  0x080006b8  0x1d4  stm32f4xx_hal_flash.o [1]
  .text              ro code  0x0800088c  0x178  stm32f4xx_hal_rcc.o [1]
  .text              ro code  0x08000a04   0x40  stm32f4xx_hal.o [1]
  .text              ro code  0x08000a44   0xce  stm32f4xx_hal_cortex.o [1]
  .text              ro code  0x08000b14  0x10e  main.o [1]
  .text              ro code  0x08000c24   0x34  stm32f4xx_hal.o [1]
  .text              ro code  0x08000c58   0x50  stm32f4xx_hal_flash_ex.o [1]
  .text              ro code  0x08000ca8   0x60  stm32f4xx_hal_msp.o [1]
  .text              ro code  0x08000d08   0x60  system_stm32f4xx.o [1]
  .text              ro code  0x08000d68   0x38  packbits_init_single.o [5]
  .text              ro code  0x08000da0   0x28  data_init.o [5]
  .text              ro code  0x08000dc8   0x22  fpinit_M.o [4]
  .iar.init_table    const    0x08000dec   0x10  - Linker created -
  .text              ro code  0x08000dfc   0x1e  stm32f4xx_it.o [1]
  .text              ro code  0x08000e1c   0x10  stm32f4xx_hal.o [1]
  .text              ro code  0x08000e2c   0x1e  cmain.o [5]
  .text              ro code  0x08000e4a    0x4  low_level_init.o [3]
  .text              ro code  0x08000e4e    0x4  exit.o [3]
  .text              ro code  0x08000e54    0xa  cexit.o [5]
  .text              ro code  0x08000e60   0x14  exit.o [6]
  .text              ro code  0x08000e74   0x10  startup_stm32f407xx.o [1]
  .text              ro code  0x08000e84    0xc  cstartup_M.o [5]
  .text              ro code  0x08000e90    0x4  startup_stm32f407xx.o [1]
  .text              ro code  0x08000e94    0x4  startup_stm32f407xx.o [1]
  .text              ro code  0x08000e98    0x4  startup_stm32f407xx.o [1]
  .text              ro code  0x08000e9c    0x4  startup_stm32f407xx.o [1]
  .text              ro code  0x08000ea0    0x4  startup_stm32f407xx.o [1]
  .text              ro code  0x08000ea4    0x4  startup_stm32f407xx.o [1]
  .text              ro code  0x08000ea8    0x4  startup_stm32f407xx.o [1]
  .text              ro code  0x08000eac    0x4  startup_stm32f407xx.o [1]
  .text              ro code  0x08000eb0    0x4  startup_stm32f407xx.o [1]
  .text              ro code  0x08000eb4    0x4  startup_stm32f407xx.o [1]
  .text              ro code  0x08000eb8    0x4  startup_stm32f407xx.o [1]
  .text              ro code  0x08000ebc    0x4  startup_stm32f407xx.o [1]
  .text              ro code  0x08000ec0    0x4  startup_stm32f407xx.o [1]
  .text              ro code  0x08000ec4    0x4  startup_stm32f407xx.o [1]
  .text              ro code  0x08000ec8    0x4  startup_stm32f407xx.o [1]
  .text              ro code  0x08000ecc    0x4  startup_stm32f407xx.o [1]
  .text              ro code  0x08000ed0    0x4  startup_stm32f407xx.o [1]
  .text              ro code  0x08000ed4    0x4  startup_stm32f407xx.o [1]
  .text              ro code  0x08000ed8    0x4  startup_stm32f407xx.o [1]
  .text              ro code  0x08000edc    0x4  startup_stm32f407xx.o [1]
  .text              ro code  0x08000ee0    0x4  startup_stm32f407xx.o [1]
  .text              ro code  0x08000ee4    0x4  startup_stm32f407xx.o [1]
  .text              ro code  0x08000ee8    0x4  startup_stm32f407xx.o [1]
  .text              ro code  0x08000eec    0x4  startup_stm32f407xx.o [1]
  .text              ro code  0x08000ef0    0x4  startup_stm32f407xx.o [1]
  .text              ro code  0x08000ef4    0x4  startup_stm32f407xx.o [1]
  .text              ro code  0x08000ef8    0x4  startup_stm32f407xx.o [1]
  .text              ro code  0x08000efc    0x4  startup_stm32f407xx.o [1]
  .text              ro code  0x08000f00    0x4  startup_stm32f407xx.o [1]
  .text              ro code  0x08000f04    0x4  startup_stm32f407xx.o [1]
  .text              ro code  0x08000f08    0x4  startup_stm32f407xx.o [1]
  .text              ro code  0x08000f0c    0x4  startup_stm32f407xx.o [1]
  .text              ro code  0x08000f10    0x4  startup_stm32f407xx.o [1]
  .text              ro code  0x08000f14    0x4  startup_stm32f407xx.o [1]
  .text              ro code  0x08000f18    0x4  startup_stm32f407xx.o [1]
  .text              ro code  0x08000f1c    0x4  startup_stm32f407xx.o [1]
  .text              ro code  0x08000f20    0x4  startup_stm32f407xx.o [1]
  .text              ro code  0x08000f24    0x4  startup_stm32f407xx.o [1]
  .text              ro code  0x08000f28    0x4  startup_stm32f407xx.o [1]
  .text              ro code  0x08000f2c    0x4  startup_stm32f407xx.o [1]
  .text              ro code  0x08000f30    0x4  startup_stm32f407xx.o [1]
  .text              ro code  0x08000f34    0x4  startup_stm32f407xx.o [1]
  .text              ro code  0x08000f38    0x4  startup_stm32f407xx.o [1]
  .text              ro code  0x08000f3c    0x4  startup_stm32f407xx.o [1]
  .text              ro code  0x08000f40    0x4  startup_stm32f407xx.o [1]
  .text              ro code  0x08000f44    0x4  startup_stm32f407xx.o [1]
  .text              ro code  0x08000f48    0x4  startup_stm32f407xx.o [1]
  .text              ro code  0x08000f4c    0x4  startup_stm32f407xx.o [1]
  .text              ro code  0x08000f50    0x4  startup_stm32f407xx.o [1]
  .text              ro code  0x08000f54    0x4  startup_stm32f407xx.o [1]
  .text              ro code  0x08000f58    0x4  startup_stm32f407xx.o [1]
  .text              ro code  0x08000f5c    0x4  startup_stm32f407xx.o [1]
  .text              ro code  0x08000f60    0x4  startup_stm32f407xx.o [1]
  .text              ro code  0x08000f64    0x4  startup_stm32f407xx.o [1]
  .text              ro code  0x08000f68    0x4  startup_stm32f407xx.o [1]
  .text              ro code  0x08000f6c    0x4  startup_stm32f407xx.o [1]
  .text              ro code  0x08000f70    0x4  startup_stm32f407xx.o [1]
  .text              ro code  0x08000f74    0x4  startup_stm32f407xx.o [1]
  .text              ro code  0x08000f78    0x4  startup_stm32f407xx.o [1]
  .text              ro code  0x08000f7c    0x4  startup_stm32f407xx.o [1]
  .text              ro code  0x08000f80    0x4  startup_stm32f407xx.o [1]
  .text              ro code  0x08000f84    0x4  startup_stm32f407xx.o [1]
  .text              ro code  0x08000f88    0x4  startup_stm32f407xx.o [1]
  .text              ro code  0x08000f8c    0x4  startup_stm32f407xx.o [1]
  .text              ro code  0x08000f90    0x4  startup_stm32f407xx.o [1]
  .text              ro code  0x08000f94    0x4  startup_stm32f407xx.o [1]
  .text              ro code  0x08000f98    0x4  startup_stm32f407xx.o [1]
  .text              ro code  0x08000f9c    0x4  startup_stm32f407xx.o [1]
  .text              ro code  0x08000fa0    0x4  startup_stm32f407xx.o [1]
  .text              ro code  0x08000fa4    0x4  startup_stm32f407xx.o [1]
  .text              ro code  0x08000fa8    0x4  startup_stm32f407xx.o [1]
  .text              ro code  0x08000fac    0x4  startup_stm32f407xx.o [1]
  .text              ro code  0x08000fb0    0x4  startup_stm32f407xx.o [1]
  .text              ro code  0x08000fb4    0x4  startup_stm32f407xx.o [1]
  .text              ro code  0x08000fb8    0x4  startup_stm32f407xx.o [1]
  .text              ro code  0x08000fbc    0x4  startup_stm32f407xx.o [1]
  .text              ro code  0x08000fc0    0x4  startup_stm32f407xx.o [1]
  .text              ro code  0x08000fc4    0x4  startup_stm32f407xx.o [1]
  .text              ro code  0x08000fc8    0x4  startup_stm32f407xx.o [1]
  .text              ro code  0x08000fcc    0x4  startup_stm32f407xx.o [1]
  .text              ro code  0x08000fd0    0x4  startup_stm32f407xx.o [1]
  .rodata            const    0x08000fd4    0x0  packbits_init_single.o [5]
  Initializer bytes  const    0x08000fd4    0xd  <for P2-1>
                            - 0x08000fe1  0xe59

"P2", part 1 of 2:                         0x30
  P2-1                        0x20000000   0x30  <Init block>
    .data            inited   0x20000000    0xc  stm32f4xx_hal.o [1]
    .data            inited   0x2000000c    0x4  system_stm32f4xx.o [1]
    .bss             inited   0x20000010   0x20  stm32f4xx_hal_flash.o [1]
                            - 0x20000030   0x30

"P2", part 2 of 2:                        0x400
  CSTACK                      0x20000030  0x400  <Block>
    CSTACK           uninit   0x20000030  0x400  <Block tail>
                            - 0x20000430  0x400


*******************************************************************************
*** INIT TABLE
***

          Address     Size
          -------     ----
Copy/packbits (__iar_packbits_init_single3)
    1 source range, total size 0xd (27% of destination):
          0x08000fd4   0xd
    1 destination range, total size 0x30:
          0x20000000  0x30



*******************************************************************************
*** MODULE SUMMARY
***

    Module                    ro code  ro data  rw data
    ------                    -------  -------  -------
C:\Users\engin.kavak\Desktop\Flash RW\EWARM\Flash RW\Obj: [1]
    main.o                        270
    startup_stm32f407xx.o         732
    stm32f4xx_hal.o               144        3       12
    stm32f4xx_hal_cortex.o        206
    stm32f4xx_hal_flash.o         468        9       32
    stm32f4xx_hal_flash_ex.o       80
    stm32f4xx_hal_msp.o            96
    stm32f4xx_hal_rcc.o         1 128
    stm32f4xx_it.o                 30
    system_stm32f4xx.o             96        1        4
    ---------------------------------------------------
    Total:                      3 250       13       48

command line: [2]
    ---------------------------------------------------
    Total:

dl7M_tlf.a: [3]
    exit.o                          4
    low_level_init.o                4
    ---------------------------------------------------
    Total:                          8

m7M_tls.a: [4]
    fpinit_M.o                     34
    ---------------------------------------------------
    Total:                         34

rt7M_tl.a: [5]
    I64DivMod.o                   558
    I64DivZer.o                     2
    cexit.o                        10
    cmain.o                        30
    cstartup_M.o                   12
    data_init.o                    40
    packbits_init_single.o         56
    ---------------------------------------------------
    Total:                        708

shb_l.a: [6]
    exit.o                         20
    ---------------------------------------------------
    Total:                         20

    Gaps                           14        2
    Linker created                          16    1 024
-------------------------------------------------------
    Grand Total:                4 034       31    1 072


*******************************************************************************
*** ENTRY LIST
***

Entry                      Address   Size  Type      Object
-----                      -------   ----  ----      ------
.iar.init_table$$Base   0x08000dec          --   Gb  - Linker created -
.iar.init_table$$Limit  0x08000dfc          --   Gb  - Linker created -
?main                   0x08000e2d         Code  Gb  cmain.o [5]
AHBPrescTable           0x08000d58   0x10  Data  Gb  system_stm32f4xx.o [1]
BusFault_Handler        0x08000e03    0x2  Code  Gb  stm32f4xx_it.o [1]
CSTACK$$Base            0x20000030          --   Gb  - Linker created -
CSTACK$$Limit           0x20000430          --   Gb  - Linker created -
DebugMon_Handler        0x08000e09    0x2  Code  Gb  stm32f4xx_it.o [1]
FLASH_Erase_Sector      0x08000c59   0x4c  Code  Gb  stm32f4xx_hal_flash_ex.o [1]
FLASH_Program_Byte      0x080007ff   0x14  Code  Lc  stm32f4xx_hal_flash.o [1]
FLASH_Program_DoubleWord
                        0x0800079d   0x24  Code  Lc  stm32f4xx_hal_flash.o [1]
FLASH_Program_HalfWord  0x080007d3   0x12  Code  Lc  stm32f4xx_hal_flash.o [1]
FLASH_Program_Word      0x080007c1   0x12  Code  Lc  stm32f4xx_hal_flash.o [1]
FLASH_SetErrorCode      0x08000813   0x60  Code  Lc  stm32f4xx_hal_flash.o [1]
FLASH_WaitForLastOperation
                        0x08000751   0x4c  Code  Gb  stm32f4xx_hal_flash.o [1]
Flash_Write             0x08000bfd   0x26  Code  Gb  main.o [1]
HAL_FLASH_Lock          0x08000743    0x8  Code  Gb  stm32f4xx_hal_flash.o [1]
HAL_FLASH_Program       0x080006b9   0x6e  Code  Gb  stm32f4xx_hal_flash.o [1]
HAL_FLASH_Unlock        0x08000727   0x1c  Code  Gb  stm32f4xx_hal_flash.o [1]
HAL_GetTick             0x08000479    0xc  Code  Wk  stm32f4xx_hal.o [1]
HAL_IncTick             0x08000e1d   0x10  Code  Wk  stm32f4xx_hal.o [1]
HAL_Init                0x08000c25   0x30  Code  Gb  stm32f4xx_hal.o [1]
HAL_InitTick            0x08000a05   0x40  Code  Wk  stm32f4xx_hal.o [1]
HAL_MspInit             0x08000ca9   0x60  Code  Gb  stm32f4xx_hal_msp.o [1]
HAL_NVIC_SetPriority    0x08000a7d   0x3a  Code  Gb  stm32f4xx_hal_cortex.o [1]
HAL_NVIC_SetPriorityGrouping
                        0x08000a63   0x1a  Code  Gb  stm32f4xx_hal_cortex.o [1]
HAL_RCC_ClockConfig     0x0800088d   0xfe  Code  Gb  stm32f4xx_hal_rcc.o [1]
HAL_RCC_GetHCLKFreq     0x08000997    0x6  Code  Gb  stm32f4xx_hal_rcc.o [1]
HAL_RCC_OscConfig       0x08000189  0x2f0  Code  Wk  stm32f4xx_hal_rcc.o [1]
HAL_SYSTICK_CLKSourceConfig
                        0x08000adf   0x1a  Code  Gb  stm32f4xx_hal_cortex.o [1]
HAL_SYSTICK_Config      0x08000ab7   0x28  Code  Gb  stm32f4xx_hal_cortex.o [1]
HAL_SYSTICK_IRQHandler  0x08000b0d    0x4  Code  Gb  stm32f4xx_hal_cortex.o [1]
HardFault_Handler       0x08000dff    0x2  Code  Gb  stm32f4xx_it.o [1]
MemManage_Handler       0x08000e01    0x2  Code  Gb  stm32f4xx_it.o [1]
NMI_Handler             0x08000dfd    0x2  Code  Gb  stm32f4xx_it.o [1]
NVIC_SetPriority        0x08000a45   0x1e  Code  Lc  stm32f4xx_hal_cortex.o [1]
PendSV_Handler          0x08000e0b    0x2  Code  Gb  stm32f4xx_it.o [1]
Region$$Table$$Base     0x08000dec          --   Gb  - Linker created -
Region$$Table$$Limit    0x08000dfc          --   Gb  - Linker created -
SVC_Handler             0x08000e07    0x2  Code  Gb  stm32f4xx_it.o [1]
SysTick_Handler         0x08000e0d    0xe  Code  Gb  stm32f4xx_it.o [1]
SystemClock_Config      0x08000b41   0xac  Code  Gb  main.o [1]
SystemCoreClock         0x2000000c    0x4  Data  Gb  system_stm32f4xx.o [1]
SystemInit              0x08000d09   0x3a  Code  Gb  system_stm32f4xx.o [1]
UsageFault_Handler      0x08000e05    0x2  Code  Gb  stm32f4xx_it.o [1]
__aeabi_ldiv0           0x080006b5         Code  Gb  I64DivZer.o [5]
__aeabi_uldivmod        0x08000485         Code  Gb  I64DivMod.o [5]
__cmain                 0x08000e2d         Code  Gb  cmain.o [5]
__exit                  0x08000e61   0x14  Code  Gb  exit.o [6]
__iar_data_init3        0x08000da1   0x28  Code  Gb  data_init.o [5]
__iar_init_vfp          0x08000dc9         Code  Gb  fpinit_M.o [4]
__iar_packbits_init_single3
                        0x08000d69   0x38  Code  Gb  packbits_init_single.o [5]
__iar_program_start     0x08000e85         Code  Gb  cstartup_M.o [5]
__iar_systems$$module {Abs}
                        0x00000001         Data  Gb  command line/config [2]
__low_level_init        0x08000e4b    0x4  Code  Gb  low_level_init.o [3]
__vector_table          0x08000000         Data  Gb  startup_stm32f407xx.o [1]
_call_main              0x08000e39         Code  Gb  cmain.o [5]
_exit                   0x08000e55         Code  Gb  cexit.o [5]
_main                   0x08000e47         Code  Gb  cmain.o [5]
exit                    0x08000e4f    0x4  Code  Gb  exit.o [3]
main                    0x08000b15   0x2c  Code  Gb  main.o [1]
pFlash                  0x20000010   0x20  Data  Gb  stm32f4xx_hal_flash.o [1]
uwTick                  0x20000004    0x4  Data  Gb  stm32f4xx_hal.o [1]
uwTickFreq              0x20000000    0x1  Data  Gb  stm32f4xx_hal.o [1]
uwTickPrio              0x20000008    0x4  Data  Gb  stm32f4xx_hal.o [1]


[1] = C:\Users\engin.kavak\Desktop\Flash RW\EWARM\Flash RW\Obj
[2] = command line
[3] = dl7M_tlf.a
[4] = m7M_tls.a
[5] = rt7M_tl.a
[6] = shb_l.a

  4 034 bytes of readonly  code memory
     31 bytes of readonly  data memory
  1 072 bytes of readwrite data memory

Errors: none
Warnings: none
